
> portfolio@0.1.0 build
> next build

▲ Next.js 16.1.6 (Turbopack)
- Environments: .env.local

  Creating an optimized production build ...
✓ Compiled successfully in 90s
  Running TypeScript ...
  Collecting page data using 3 workers ...
  Generating static pages using 3 workers (0/6) ...
  Generating static pages using 3 workers (1/6) 
  Generating static pages using 3 workers (2/6) 
  Generating static pages using 3 workers (4/6) 
✓ Generating static pages using 3 workers (6/6) in 3.3s
  Finalizing page optimization ...

Route (app)
┌ ○ /
├ ○ /_not-found
├ ○ /admin
└ ○ /login


○  (Static)  prerendered as static content

